[     281ms] [LOG] initializing Contentstack Live Preview @ https://www.focusfeatures.com/_next/static/chunks/7796-4a524c6d3495b3ee.js:0
[    1585ms] [WARNING] Unrecognized feature: 'attribution-reporting'. @ https://c.amazon-adsystem.com/aat/amzn.js:1
[    1676ms] [WARNING] [TikTok Pixel] - Missing 'content_id' paramter
Issue: The 'content_id' parameter isn't being received. This is required for Video Shopping Ads (VSA).
Suggestion: Include the 'content_id' parameter in your source code. This is required for Video Shopping Ads (VSA). See https://ads.tiktok.com/help/article/standard-events-parameters?redirected=2 for more information. @ https://analytics.tiktok.com/i18n/pixel/static/main.MWI2NmQxNWY3OQ.js:0
[    3047ms] [LOG] [[IDM-2] LaunchDarklyConfiguration] Starting to refresh LaunchDarkly configuration! @ https://id.nbcuni.com/websdk/v2/identity-sdk.js:19036
[    3070ms] [LOG] authState updated received from NBCUnified unauthenticated @ https://www.focusfeatures.com/_next/static/chunks/4350-2cc926b706965314.js:0
[    3365ms] [INFO] [mParticle QA kit path smoke] Loaded kits/braze/braze-3/dist/BrazeKit.iife.js from monorepo GitHub path @ https://jssdkcdns.mparticle.com/js/v2/us1-6886a29fa8154349a90e8204abaf688c/mparticle.js?env=0:41
[ 1230927ms] [WARNING] [[IDM-2] BrandWebRemoteConfigProvider] LD Warning: Error on stream connection: {"isTrusted":true}, will continue retrying after 583 milliseconds. @ https://id.nbcuni.com/websdk/v2/identity-sdk.js:19036
[ 1230927ms] [ERROR] Failed to load resource: net::ERR_NETWORK_IO_SUSPENDED @ https://clientstream.launchdarkly.com/eval/6601c8e8151a230f9b48d1a4/eyJraW5kIjoidXNlciIsImRldmljZS1vcyI6IldlYiIsImlkbS1zZGstdmVyc2lvbiI6IjIuMzIuMCIsImtleSI6Ii0zMTI0NzA2NDEwMTE1MDkwOTI5IiwiYnJhbmQiOiJmb2N1c2ZlYXR1cmVzIiwicHJvZHVjdCI6IkZvY3VzIEZlYXR1cmVzIiwiY3Jvc3NEb21haW4iOnRydWUsImNoZWNrb3V0RW5hYmxlZCI6ZmFsc2UsImRhcmtUaGVtZSI6ZmFsc2V9:0
[58463685ms] [WARNING] [[IDM-2] BrandWebRemoteConfigProvider] LD Warning: Error on stream connection: {"isTrusted":true}, will continue retrying after 617 milliseconds. @ https://id.nbcuni.com/websdk/v2/identity-sdk.js:19036
[58463686ms] [ERROR] Failed to load resource: net::ERR_TIMED_OUT @ https://clientstream.launchdarkly.com/eval/6601c8e8151a230f9b48d1a4/eyJraW5kIjoidXNlciIsImRldmljZS1vcyI6IldlYiIsImlkbS1zZGstdmVyc2lvbiI6IjIuMzIuMCIsImtleSI6Ii0zMTI0NzA2NDEwMTE1MDkwOTI5IiwiYnJhbmQiOiJmb2N1c2ZlYXR1cmVzIiwicHJvZHVjdCI6IkZvY3VzIEZlYXR1cmVzIiwiY3Jvc3NEb21haW4iOnRydWUsImNoZWNrb3V0RW5hYmxlZCI6ZmFsc2UsImRhcmtUaGVtZSI6ZmFsc2V9:0
[60523045ms] [WARNING] [[IDM-2] BrandWebRemoteConfigProvider] LD Warning: Error on stream connection: {"isTrusted":true}, will continue retrying after 869 milliseconds. @ https://id.nbcuni.com/websdk/v2/identity-sdk.js:19036
[60523045ms] [ERROR] Failed to load resource: net::ERR_CONNECTION_RESET @ https://clientstream.launchdarkly.com/eval/6601c8e8151a230f9b48d1a4/eyJraW5kIjoidXNlciIsImRldmljZS1vcyI6IldlYiIsImlkbS1zZGstdmVyc2lvbiI6IjIuMzIuMCIsImtleSI6Ii0zMTI0NzA2NDEwMTE1MDkwOTI5IiwiYnJhbmQiOiJmb2N1c2ZlYXR1cmVzIiwicHJvZHVjdCI6IkZvY3VzIEZlYXR1cmVzIiwiY3Jvc3NEb21haW4iOnRydWUsImNoZWNrb3V0RW5hYmxlZCI6ZmFsc2UsImRhcmtUaGVtZSI6ZmFsc2V9:0
[61190652ms] [WARNING] [[IDM-2] BrandWebRemoteConfigProvider] LD Warning: Error on stream connection: {"isTrusted":true}, will continue retrying after 618 milliseconds. @ https://id.nbcuni.com/websdk/v2/identity-sdk.js:19036
[61190652ms] [ERROR] Failed to load resource: net::ERR_CONNECTION_CLOSED @ https://clientstream.launchdarkly.com/eval/6601c8e8151a230f9b48d1a4/eyJraW5kIjoidXNlciIsImRldmljZS1vcyI6IldlYiIsImlkbS1zZGstdmVyc2lvbiI6IjIuMzIuMCIsImtleSI6Ii0zMTI0NzA2NDEwMTE1MDkwOTI5IiwiYnJhbmQiOiJmb2N1c2ZlYXR1cmVzIiwicHJvZHVjdCI6IkZvY3VzIEZlYXR1cmVzIiwiY3Jvc3NEb21haW4iOnRydWUsImNoZWNrb3V0RW5hYmxlZCI6ZmFsc2UsImRhcmtUaGVtZSI6ZmFsc2V9:0
[61549726ms] [WARNING] [[IDM-2] BrandWebRemoteConfigProvider] LD Warning: Error on stream connection: {"isTrusted":true}, will continue retrying after 847 milliseconds. @ https://id.nbcuni.com/websdk/v2/identity-sdk.js:19036
[61549893ms] [ERROR] Failed to load resource: net::ERR_NETWORK_IO_SUSPENDED @ https://clientstream.launchdarkly.com/eval/6601c8e8151a230f9b48d1a4/eyJraW5kIjoidXNlciIsImRldmljZS1vcyI6IldlYiIsImlkbS1zZGstdmVyc2lvbiI6IjIuMzIuMCIsImtleSI6Ii0zMTI0NzA2NDEwMTE1MDkwOTI5IiwiYnJhbmQiOiJmb2N1c2ZlYXR1cmVzIiwicHJvZHVjdCI6IkZvY3VzIEZlYXR1cmVzIiwiY3Jvc3NEb21haW4iOnRydWUsImNoZWNrb3V0RW5hYmxlZCI6ZmFsc2UsImRhcmtUaGVtZSI6ZmFsc2V9:0
[84341555ms] [WARNING] [[IDM-2] BrandWebRemoteConfigProvider] LD Warning: Error on stream connection: {"isTrusted":true}, will continue retrying after 691 milliseconds. @ https://id.nbcuni.com/websdk/v2/identity-sdk.js:19036
[84341589ms] [ERROR] Failed to load resource: net::ERR_NETWORK_IO_SUSPENDED @ https://clientstream.launchdarkly.com/eval/6601c8e8151a230f9b48d1a4/eyJraW5kIjoidXNlciIsImRldmljZS1vcyI6IldlYiIsImlkbS1zZGstdmVyc2lvbiI6IjIuMzIuMCIsImtleSI6Ii0zMTI0NzA2NDEwMTE1MDkwOTI5IiwiYnJhbmQiOiJmb2N1c2ZlYXR1cmVzIiwicHJvZHVjdCI6IkZvY3VzIEZlYXR1cmVzIiwiY3Jvc3NEb21haW4iOnRydWUsImNoZWNrb3V0RW5hYmxlZCI6ZmFsc2UsImRhcmtUaGVtZSI6ZmFsc2V9:0
[87514342ms] [WARNING] [[IDM-2] BrandWebRemoteConfigProvider] LD Warning: Error on stream connection: {"isTrusted":true}, will continue retrying after 664 milliseconds. @ https://id.nbcuni.com/websdk/v2/identity-sdk.js:19036
[87514343ms] [ERROR] Failed to load resource: net::ERR_TIMED_OUT @ https://clientstream.launchdarkly.com/eval/6601c8e8151a230f9b48d1a4/eyJraW5kIjoidXNlciIsImRldmljZS1vcyI6IldlYiIsImlkbS1zZGstdmVyc2lvbiI6IjIuMzIuMCIsImtleSI6Ii0zMTI0NzA2NDEwMTE1MDkwOTI5IiwiYnJhbmQiOiJmb2N1c2ZlYXR1cmVzIiwicHJvZHVjdCI6IkZvY3VzIEZlYXR1cmVzIiwiY3Jvc3NEb21haW4iOnRydWUsImNoZWNrb3V0RW5hYmxlZCI6ZmFsc2UsImRhcmtUaGVtZSI6ZmFsc2V9:0
[98079633ms] [WARNING] [[IDM-2] BrandWebRemoteConfigProvider] LD Warning: Error on stream connection: {"isTrusted":true}, will continue retrying after 694 milliseconds. @ https://id.nbcuni.com/websdk/v2/identity-sdk.js:19036
[98079633ms] [ERROR] Failed to load resource: net::ERR_TIMED_OUT @ https://clientstream.launchdarkly.com/eval/6601c8e8151a230f9b48d1a4/eyJraW5kIjoidXNlciIsImRldmljZS1vcyI6IldlYiIsImlkbS1zZGstdmVyc2lvbiI6IjIuMzIuMCIsImtleSI6Ii0zMTI0NzA2NDEwMTE1MDkwOTI5IiwiYnJhbmQiOiJmb2N1c2ZlYXR1cmVzIiwicHJvZHVjdCI6IkZvY3VzIEZlYXR1cmVzIiwiY3Jvc3NEb21haW4iOnRydWUsImNoZWNrb3V0RW5hYmxlZCI6ZmFsc2UsImRhcmtUaGVtZSI6ZmFsc2V9:0
[99105613ms] [WARNING] [[IDM-2] BrandWebRemoteConfigProvider] LD Warning: Error on stream connection: {"isTrusted":true}, will continue retrying after 917 milliseconds. @ https://id.nbcuni.com/websdk/v2/identity-sdk.js:19036
[99105614ms] [ERROR] Failed to load resource: net::ERR_CONNECTION_RESET @ https://clientstream.launchdarkly.com/eval/6601c8e8151a230f9b48d1a4/eyJraW5kIjoidXNlciIsImRldmljZS1vcyI6IldlYiIsImlkbS1zZGstdmVyc2lvbiI6IjIuMzIuMCIsImtleSI6Ii0zMTI0NzA2NDEwMTE1MDkwOTI5IiwiYnJhbmQiOiJmb2N1c2ZlYXR1cmVzIiwicHJvZHVjdCI6IkZvY3VzIEZlYXR1cmVzIiwiY3Jvc3NEb21haW4iOnRydWUsImNoZWNrb3V0RW5hYmxlZCI6ZmFsc2UsImRhcmtUaGVtZSI6ZmFsc2V9:0
[111971755ms] [WARNING] [[IDM-2] BrandWebRemoteConfigProvider] LD Warning: Error on stream connection: {"isTrusted":true}, will continue retrying after 610 milliseconds. @ https://id.nbcuni.com/websdk/v2/identity-sdk.js:19036
[111971756ms] [ERROR] Failed to load resource: net::ERR_TIMED_OUT @ https://clientstream.launchdarkly.com/eval/6601c8e8151a230f9b48d1a4/eyJraW5kIjoidXNlciIsImRldmljZS1vcyI6IldlYiIsImlkbS1zZGstdmVyc2lvbiI6IjIuMzIuMCIsImtleSI6Ii0zMTI0NzA2NDEwMTE1MDkwOTI5IiwiYnJhbmQiOiJmb2N1c2ZlYXR1cmVzIiwicHJvZHVjdCI6IkZvY3VzIEZlYXR1cmVzIiwiY3Jvc3NEb21haW4iOnRydWUsImNoZWNrb3V0RW5hYmxlZCI6ZmFsc2UsImRhcmtUaGVtZSI6ZmFsc2V9:0
[124633708ms] [WARNING] [[IDM-2] BrandWebRemoteConfigProvider] LD Warning: Error on stream connection: {"isTrusted":true}, will continue retrying after 967 milliseconds. @ https://id.nbcuni.com/websdk/v2/identity-sdk.js:19036
[124633708ms] [ERROR] Failed to load resource: net::ERR_TIMED_OUT @ https://clientstream.launchdarkly.com/eval/6601c8e8151a230f9b48d1a4/eyJraW5kIjoidXNlciIsImRldmljZS1vcyI6IldlYiIsImlkbS1zZGstdmVyc2lvbiI6IjIuMzIuMCIsImtleSI6Ii0zMTI0NzA2NDEwMTE1MDkwOTI5IiwiYnJhbmQiOiJmb2N1c2ZlYXR1cmVzIiwicHJvZHVjdCI6IkZvY3VzIEZlYXR1cmVzIiwiY3Jvc3NEb21haW4iOnRydWUsImNoZWNrb3V0RW5hYmxlZCI6ZmFsc2UsImRhcmtUaGVtZSI6ZmFsc2V9:0
[131322554ms] [WARNING] [[IDM-2] BrandWebRemoteConfigProvider] LD Warning: Error on stream connection: {"isTrusted":true}, will continue retrying after 724 milliseconds. @ https://id.nbcuni.com/websdk/v2/identity-sdk.js:19036
[131322555ms] [ERROR] Failed to load resource: net::ERR_TIMED_OUT @ https://clientstream.launchdarkly.com/eval/6601c8e8151a230f9b48d1a4/eyJraW5kIjoidXNlciIsImRldmljZS1vcyI6IldlYiIsImlkbS1zZGstdmVyc2lvbiI6IjIuMzIuMCIsImtleSI6Ii0zMTI0NzA2NDEwMTE1MDkwOTI5IiwiYnJhbmQiOiJmb2N1c2ZlYXR1cmVzIiwicHJvZHVjdCI6IkZvY3VzIEZlYXR1cmVzIiwiY3Jvc3NEb21haW4iOnRydWUsImNoZWNrb3V0RW5hYmxlZCI6ZmFsc2UsImRhcmtUaGVtZSI6ZmFsc2V9:0
[138601027ms] [WARNING] [[IDM-2] BrandWebRemoteConfigProvider] LD Warning: Error on stream connection: {"isTrusted":true}, will continue retrying after 568 milliseconds. @ https://id.nbcuni.com/websdk/v2/identity-sdk.js:19036
[138601028ms] [ERROR] Failed to load resource: net::ERR_TIMED_OUT @ https://clientstream.launchdarkly.com/eval/6601c8e8151a230f9b48d1a4/eyJraW5kIjoidXNlciIsImRldmljZS1vcyI6IldlYiIsImlkbS1zZGstdmVyc2lvbiI6IjIuMzIuMCIsImtleSI6Ii0zMTI0NzA2NDEwMTE1MDkwOTI5IiwiYnJhbmQiOiJmb2N1c2ZlYXR1cmVzIiwicHJvZHVjdCI6IkZvY3VzIEZlYXR1cmVzIiwiY3Jvc3NEb21haW4iOnRydWUsImNoZWNrb3V0RW5hYmxlZCI6ZmFsc2UsImRhcmtUaGVtZSI6ZmFsc2V9:0
